::1 - - [18/Sep/2026 05:57:48] "GET /index.html HTTP/1.1" 200 -
::1 - - [18/Sep/2026 05:58:20] "GET /index.html HTTP/1.1" 200 -
::1 - - [18/Sep/2026 05:58:20] "GET /css/style.css HTTP/1.1" 200 -
::1 - - [18/Sep/2026 05:58:20] "GET /js/config.js HTTP/1.1" 200 -
::1 - - [18/Sep/2026 05:58:20] "GET /js/main.js HTTP/1.1" 200 -
::1 - - [18/Sep/2026 05:58:20] "GET /js/i18n.js HTTP/1.1" 200 -
::1 - - [18/Sep/2026 05:58:20] "GET /js/contact.js HTTP/1.1" 200 -
::1 - - [18/Sep/2026 05:58:20] "GET /images/hero.jpg HTTP/1.1" 200 -
::1 - - [18/Sep/2026 05:58:20] "GET /images/sakkala.jpg HTTP/1.1" 200 -
::1 - - [18/Sep/2026 05:58:20] "GET /images/construction.jpg HTTP/1.1" 200 -
::1 - - [18/Sep/2026 05:58:20] "GET /images/sahl-hasheesh.jpg HTTP/1.1" 200 -
::1 - - [18/Sep/2026 05:58:20] code 404, message File not found
::1 - - [18/Sep/2026 05:58:20] "GET /favicon.ico HTTP/1.1" 404 -
::1 - - [18/Sep/2026 05:58:32] "GET /site.log HTTP/1.1" 200 -
::1 - - [18/Sep/2026 05:58:33] code 404, message File not found
::1 - - [18/Sep/2026 05:58:33] "GET /favicon.ico HTTP/1.1" 404 -
::1 - - [18/Sep/2026 05:59:12] "GET /index.html HTTP/1.1" 200 -
::1 - - [18/Sep/2026 05:59:12] "GET /css/style.css HTTP/1.1" 200 -
::1 - - [18/Sep/2026 05:59:12] "GET /js/config.js HTTP/1.1" 200 -
::1 - - [18/Sep/2026 05:59:12] "GET /js/contact.js HTTP/1.1" 200 -
::1 - - [18/Sep/2026 05:59:12] "GET /js/main.js HTTP/1.1" 200 -
::1 - - [18/Sep/2026 05:59:12] "GET /js/i18n.js HTTP/1.1" 200 -
::1 - - [18/Sep/2026 05:59:12] "GET /images/hero.jpg HTTP/1.1" 200 -
::1 - - [18/Sep/2026 05:59:12] "GET /images/sakkala.jpg HTTP/1.1" 200 -
::1 - - [18/Sep/2026 05:59:12] "GET /images/construction.jpg HTTP/1.1" 200 -
::1 - - [18/Sep/2026 05:59:12] "GET /images/sahl-hasheesh.jpg HTTP/1.1" 200 -
::1 - - [18/Sep/2026 05:59:12] code 404, message File not found
::1 - - [18/Sep/2026 05:59:12] "GET /favicon.ico HTTP/1.1" 404 -
::1 - - [18/Sep/2026 05:59:39] "GET /index.html HTTP/1.1" 200 -
::1 - - [18/Sep/2026 05:59:39] "GET /js/contact.js HTTP/1.1" 200 -
::1 - - [18/Sep/2026 05:59:39] "GET /js/main.js HTTP/1.1" 200 -
::1 - - [18/Sep/2026 05:59:39] "GET /js/i18n.js HTTP/1.1" 200 -
::1 - - [18/Sep/2026 05:59:39] "GET /js/config.js HTTP/1.1" 200 -
::1 - - [18/Sep/2026 05:59:39] "GET /css/style.css HTTP/1.1" 200 -
::1 - - [18/Sep/2026 05:59:40] "GET /images/hero.jpg HTTP/1.1" 200 -
::1 - - [18/Sep/2026 05:59:40] "GET /images/sakkala.jpg HTTP/1.1" 200 -
::1 - - [18/Sep/2026 05:59:40] "GET /images/construction.jpg HTTP/1.1" 200 -
::1 - - [18/Sep/2026 05:59:40] "GET /images/sahl-hasheesh.jpg HTTP/1.1" 200 -
::1 - - [18/Sep/2026 05:59:40] code 404, message File not found
::1 - - [18/Sep/2026 05:59:40] "GET /favicon.ico HTTP/1.1" 404 -
