::1 - - [18/Sep/2026 08:46:11] "GET /index.html HTTP/1.1" 200 -
::1 - - [18/Sep/2026 08:46:17] "GET /index.html HTTP/1.1" 200 -
::1 - - [18/Sep/2026 08:46:17] code 404, message File not found
::1 - - [18/Sep/2026 08:46:17] "GET /css/style.css HTTP/1.1" 404 -
::1 - - [18/Sep/2026 08:50:36] "GET / HTTP/1.1" 200 -
::1 - - [18/Sep/2026 08:50:36] code 404, message File not found
::1 - - [18/Sep/2026 08:50:36] "GET /lib/owlcarousel/assets/owl.carousel.min.css HTTP/1.1" 404 -
::1 - - [18/Sep/2026 08:50:36] code 404, message File not found
::1 - - [18/Sep/2026 08:50:36] "GET /lib/lightbox/css/lightbox.min.css HTTP/1.1" 404 -
::1 - - [18/Sep/2026 08:50:36] code 404, message File not found
::1 - - [18/Sep/2026 08:50:36] "GET /css/bootstrap.min.css HTTP/1.1" 404 -
::1 - - [18/Sep/2026 08:50:36] code 404, message File not found
::1 - - [18/Sep/2026 08:50:36] "GET /css/style.css HTTP/1.1" 404 -
::1 - - [18/Sep/2026 08:50:36] code 404, message File not found
::1 - - [18/Sep/2026 08:50:36] "GET /img/carousel-1.jpg HTTP/1.1" 404 -
::1 - - [18/Sep/2026 08:50:36] code 404, message File not found
::1 - - [18/Sep/2026 08:50:36] "GET /img/carousel-2.jpg HTTP/1.1" 404 -
::1 - - [18/Sep/2026 08:50:36] code 404, message File not found
::1 - - [18/Sep/2026 08:50:36] "GET /img/carousel-3.jpg HTTP/1.1" 404 -
::1 - - [18/Sep/2026 08:50:36] code 404, message File not found
::1 - - [18/Sep/2026 08:50:36] "GET /img/about-img.jpg HTTP/1.1" 404 -
::1 - - [18/Sep/2026 08:50:36] code 404, message File not found
::1 - - [18/Sep/2026 08:50:36] "GET /img/destination-1.jpg HTTP/1.1" 404 -
::1 - - [18/Sep/2026 08:50:36] code 404, message File not found
::1 - - [18/Sep/2026 08:50:36] "GET /lib/easing/easing.min.js HTTP/1.1" 404 -
::1 - - [18/Sep/2026 08:50:36] code 404, message File not found
::1 - - [18/Sep/2026 08:50:36] "GET /lib/waypoints/waypoints.min.js HTTP/1.1" 404 -
::1 - - [18/Sep/2026 08:50:36] code 404, message File not found
::1 - - [18/Sep/2026 08:50:36] "GET /lib/owlcarousel/owl.carousel.min.js HTTP/1.1" 404 -
::1 - - [18/Sep/2026 08:50:36] code 404, message File not found
::1 - - [18/Sep/2026 08:50:36] "GET /lib/lightbox/js/lightbox.min.js HTTP/1.1" 404 -
::1 - - [18/Sep/2026 08:50:36] code 404, message File not found
::1 - - [18/Sep/2026 08:50:36] code 404, message File not found
::1 - - [18/Sep/2026 08:50:36] code 404, message File not found
::1 - - [18/Sep/2026 08:50:36] code 404, message File not found
::1 - - [18/Sep/2026 08:50:36] "GET /img/destination-8.jpg HTTP/1.1" 404 -
::1 - - [18/Sep/2026 08:50:36] "GET /img/destination-2.jpg HTTP/1.1" 404 -
::1 - - [18/Sep/2026 08:50:36] "GET /img/destination-7.jpg HTTP/1.1" 404 -
::1 - - [18/Sep/2026 08:50:36] code 404, message File not found
::1 - - [18/Sep/2026 08:50:36] "GET /js/main.js HTTP/1.1" 404 -
::1 - - [18/Sep/2026 08:50:36] code 404, message File not found
::1 - - [18/Sep/2026 08:50:36] "GET /img/destination-4.jpg HTTP/1.1" 404 -
::1 - - [18/Sep/2026 08:50:36] "GET /img/destination-9.jpg HTTP/1.1" 404 -
::1 - - [18/Sep/2026 08:50:36] code 404, message File not found
::1 - - [18/Sep/2026 08:50:36] "GET /img/destination-5.jpg HTTP/1.1" 404 -
::1 - - [18/Sep/2026 08:50:36] code 404, message File not found
::1 - - [18/Sep/2026 08:50:36] code 404, message File not found
::1 - - [18/Sep/2026 08:50:36] "GET /img/explore-tour-1.jpg HTTP/1.1" 404 -
::1 - - [18/Sep/2026 08:50:36] "GET /img/destination-6.jpg HTTP/1.1" 404 -
::1 - - [18/Sep/2026 08:50:36] code 404, message File not found
::1 - - [18/Sep/2026 08:50:36] "GET /img/explore-tour-2.jpg HTTP/1.1" 404 -
::1 - - [18/Sep/2026 08:50:36] code 404, message File not found
::1 - - [18/Sep/2026 08:50:36] "GET /img/explore-tour-3.jpg HTTP/1.1" 404 -
::1 - - [18/Sep/2026 08:50:36] code 404, message File not found
::1 - - [18/Sep/2026 08:50:36] "GET /img/explore-tour-4.jpg HTTP/1.1" 404 -
::1 - - [18/Sep/2026 08:50:36] code 404, message File not found
::1 - - [18/Sep/2026 08:50:36] "GET /img/explore-tour-5.jpg HTTP/1.1" 404 -
::1 - - [18/Sep/2026 08:50:36] code 404, message File not found
::1 - - [18/Sep/2026 08:50:36] code 404, message File not found
::1 - - [18/Sep/2026 08:50:36] "GET /img/packages-4.jpg HTTP/1.1" 404 -
::1 - - [18/Sep/2026 08:50:36] "GET /img/explore-tour-6.jpg HTTP/1.1" 404 -
::1 - - [18/Sep/2026 08:50:36] code 404, message File not found
::1 - - [18/Sep/2026 08:50:36] "GET /img/packages-2.jpg HTTP/1.1" 404 -
::1 - - [18/Sep/2026 08:50:36] code 404, message File not found
::1 - - [18/Sep/2026 08:50:36] "GET /img/packages-3.jpg HTTP/1.1" 404 -
::1 - - [18/Sep/2026 08:50:36] code 404, message File not found
::1 - - [18/Sep/2026 08:50:36] code 404, message File not found
::1 - - [18/Sep/2026 08:50:36] "GET /img/packages-1.jpg HTTP/1.1" 404 -
::1 - - [18/Sep/2026 08:50:36] "GET /img/gallery-1.jpg HTTP/1.1" 404 -
::1 - - [18/Sep/2026 08:50:36] code 404, message File not found
::1 - - [18/Sep/2026 08:50:36] "GET /img/gallery-2.jpg HTTP/1.1" 404 -
::1 - - [18/Sep/2026 08:50:36] code 404, message File not found
::1 - - [18/Sep/2026 08:50:36] "GET /img/gallery-3.jpg HTTP/1.1" 404 -
::1 - - [18/Sep/2026 08:50:36] code 404, message File not found
::1 - - [18/Sep/2026 08:50:36] "GET /img/gallery-4.jpg HTTP/1.1" 404 -
::1 - - [18/Sep/2026 08:50:36] code 404, message File not found
::1 - - [18/Sep/2026 08:50:36] "GET /img/gallery-5.jpg HTTP/1.1" 404 -
::1 - - [18/Sep/2026 08:50:36] code 404, message File not found
::1 - - [18/Sep/2026 08:50:36] "GET /img/gallery-6.jpg HTTP/1.1" 404 -
::1 - - [18/Sep/2026 08:50:36] code 404, message File not found
::1 - - [18/Sep/2026 08:50:36] "GET /img/gallery-7.jpg HTTP/1.1" 404 -
::1 - - [18/Sep/2026 08:50:36] code 404, message File not found
::1 - - [18/Sep/2026 08:50:36] "GET /img/gallery-8.jpg HTTP/1.1" 404 -
::1 - - [18/Sep/2026 08:50:36] code 404, message File not found
::1 - - [18/Sep/2026 08:50:36] "GET /img/gallery-9.jpg HTTP/1.1" 404 -
::1 - - [18/Sep/2026 08:50:36] code 404, message File not found
::1 - - [18/Sep/2026 08:50:36] "GET /img/gallery-10.jpg HTTP/1.1" 404 -
::1 - - [18/Sep/2026 08:50:36] code 404, message File not found
::1 - - [18/Sep/2026 08:50:36] "GET /img/guide-1.jpg HTTP/1.1" 404 -
::1 - - [18/Sep/2026 08:50:36] code 404, message File not found
::1 - - [18/Sep/2026 08:50:36] "GET /img/guide-2.jpg HTTP/1.1" 404 -
::1 - - [18/Sep/2026 08:50:36] code 404, message File not found
::1 - - [18/Sep/2026 08:50:36] "GET /img/guide-3.jpg HTTP/1.1" 404 -
::1 - - [18/Sep/2026 08:50:36] code 404, message File not found
::1 - - [18/Sep/2026 08:50:36] "GET /img/guide-4.jpg HTTP/1.1" 404 -
::1 - - [18/Sep/2026 08:50:36] code 404, message File not found
::1 - - [18/Sep/2026 08:50:36] "GET /img/blog-1.jpg HTTP/1.1" 404 -
::1 - - [18/Sep/2026 08:50:36] code 404, message File not found
::1 - - [18/Sep/2026 08:50:36] code 404, message File not found
::1 - - [18/Sep/2026 08:50:36] "GET /img/blog-2.jpg HTTP/1.1" 404 -
::1 - - [18/Sep/2026 08:50:36] "GET /img/blog-3.jpg HTTP/1.1" 404 -
::1 - - [18/Sep/2026 08:50:36] code 404, message File not found
::1 - - [18/Sep/2026 08:50:36] "GET /img/testimonial-1.jpg HTTP/1.1" 404 -
::1 - - [18/Sep/2026 08:50:36] code 404, message File not found
::1 - - [18/Sep/2026 08:50:36] "GET /img/testimonial-2.jpg HTTP/1.1" 404 -
::1 - - [18/Sep/2026 08:50:36] code 404, message File not found
::1 - - [18/Sep/2026 08:50:36] "GET /img/testimonial-3.jpg HTTP/1.1" 404 -
::1 - - [18/Sep/2026 08:50:36] code 404, message File not found
::1 - - [18/Sep/2026 08:50:36] "GET /img/testimonial-4.jpg HTTP/1.1" 404 -
::1 - - [18/Sep/2026 08:50:36] code 404, message File not found
::1 - - [18/Sep/2026 08:50:36] "GET /img/about-img-1.png HTTP/1.1" 404 -
::1 - - [18/Sep/2026 08:50:37] code 404, message File not found
::1 - - [18/Sep/2026 08:50:37] "GET /favicon.ico HTTP/1.1" 404 -
::1 - - [18/Sep/2026 09:02:32] "GET /index.html HTTP/1.1" 200 -
::1 - - [18/Sep/2026 09:02:44] "GET /index.html HTTP/1.1" 200 -
::1 - - [18/Sep/2026 09:02:44] code 404, message File not found
::1 - - [18/Sep/2026 09:02:44] code 404, message File not found
::1 - - [18/Sep/2026 09:02:44] code 404, message File not found
::1 - - [18/Sep/2026 09:02:44] code 404, message File not found
::1 - - [18/Sep/2026 09:02:44] code 404, message File not found
::1 - - [18/Sep/2026 09:02:44] "GET /lib/lightbox/css/lightbox.min.css HTTP/1.1" 404 -
::1 - - [18/Sep/2026 09:02:44] "GET /img/carousel-2.jpg HTTP/1.1" 404 -
::1 - - [18/Sep/2026 09:02:44] "GET /img/carousel-1.jpg HTTP/1.1" 404 -
::1 - - [18/Sep/2026 09:02:44] code 404, message File not found
::1 - - [18/Sep/2026 09:02:44] "GET /lib/owlcarousel/assets/owl.carousel.min.css HTTP/1.1" 404 -
::1 - - [18/Sep/2026 09:02:44] "GET /css/style.css HTTP/1.1" 404 -
::1 - - [18/Sep/2026 09:02:44] "GET /css/bootstrap.min.css HTTP/1.1" 404 -
::1 - - [18/Sep/2026 09:02:44] code 404, message File not found
::1 - - [18/Sep/2026 09:02:44] "GET /img/carousel-3.jpg HTTP/1.1" 404 -
::1 - - [18/Sep/2026 09:02:44] code 404, message File not found
::1 - - [18/Sep/2026 09:02:44] "GET /img/about-img.jpg HTTP/1.1" 404 -
::1 - - [18/Sep/2026 09:02:44] code 404, message File not found
::1 - - [18/Sep/2026 09:02:44] "GET /img/destination-1.jpg HTTP/1.1" 404 -
::1 - - [18/Sep/2026 09:02:44] code 404, message File not found
::1 - - [18/Sep/2026 09:02:44] code 404, message File not found
::1 - - [18/Sep/2026 09:02:44] "GET /lib/easing/easing.min.js HTTP/1.1" 404 -
::1 - - [18/Sep/2026 09:02:44] "GET /lib/waypoints/waypoints.min.js HTTP/1.1" 404 -
::1 - - [18/Sep/2026 09:02:44] code 404, message File not found
::1 - - [18/Sep/2026 09:02:44] "GET /lib/owlcarousel/owl.carousel.min.js HTTP/1.1" 404 -
::1 - - [18/Sep/2026 09:02:44] code 404, message File not found
::1 - - [18/Sep/2026 09:02:44] "GET /lib/lightbox/js/lightbox.min.js HTTP/1.1" 404 -
::1 - - [18/Sep/2026 09:02:44] code 404, message File not found
::1 - - [18/Sep/2026 09:02:44] "GET /js/main.js HTTP/1.1" 404 -
::1 - - [18/Sep/2026 09:02:44] code 404, message File not found
::1 - - [18/Sep/2026 09:02:44] "GET /img/destination-2.jpg HTTP/1.1" 404 -
::1 - - [18/Sep/2026 09:02:44] code 404, message File not found
::1 - - [18/Sep/2026 09:02:44] code 404, message File not found
::1 - - [18/Sep/2026 09:02:44] "GET /img/destination-7.jpg HTTP/1.1" 404 -
::1 - - [18/Sep/2026 09:02:44] "GET /img/destination-8.jpg HTTP/1.1" 404 -
::1 - - [18/Sep/2026 09:02:44] code 404, message File not found
::1 - - [18/Sep/2026 09:02:44] code 404, message File not found
::1 - - [18/Sep/2026 09:02:44] "GET /img/destination-9.jpg HTTP/1.1" 404 -
::1 - - [18/Sep/2026 09:02:44] "GET /img/destination-4.jpg HTTP/1.1" 404 -
::1 - - [18/Sep/2026 09:02:44] code 404, message File not found
::1 - - [18/Sep/2026 09:02:44] "GET /img/destination-6.jpg HTTP/1.1" 404 -
::1 - - [18/Sep/2026 09:02:44] code 404, message File not found
::1 - - [18/Sep/2026 09:02:44] "GET /img/explore-tour-3.jpg HTTP/1.1" 404 -
::1 - - [18/Sep/2026 09:02:44] code 404, message File not found
::1 - - [18/Sep/2026 09:02:44] "GET /img/explore-tour-4.jpg HTTP/1.1" 404 -
::1 - - [18/Sep/2026 09:02:44] code 404, message File not found
::1 - - [18/Sep/2026 09:02:44] code 404, message File not found
::1 - - [18/Sep/2026 09:02:44] "GET /img/explore-tour-1.jpg HTTP/1.1" 404 -
::1 - - [18/Sep/2026 09:02:44] "GET /img/explore-tour-2.jpg HTTP/1.1" 404 -
::1 - - [18/Sep/2026 09:02:44] code 404, message File not found
::1 - - [18/Sep/2026 09:02:44] "GET /img/destination-5.jpg HTTP/1.1" 404 -
::1 - - [18/Sep/2026 09:02:44] code 404, message File not found
::1 - - [18/Sep/2026 09:02:44] "GET /img/explore-tour-5.jpg HTTP/1.1" 404 -
::1 - - [18/Sep/2026 09:02:44] code 404, message File not found
::1 - - [18/Sep/2026 09:02:44] "GET /img/explore-tour-6.jpg HTTP/1.1" 404 -
::1 - - [18/Sep/2026 09:02:44] code 404, message File not found
::1 - - [18/Sep/2026 09:02:44] code 404, message File not found
::1 - - [18/Sep/2026 09:02:44] "GET /img/packages-3.jpg HTTP/1.1" 404 -
::1 - - [18/Sep/2026 09:02:44] code 404, message File not found
::1 - - [18/Sep/2026 09:02:44] code 404, message File not found
::1 - - [18/Sep/2026 09:02:44] "GET /img/packages-1.jpg HTTP/1.1" 404 -
::1 - - [18/Sep/2026 09:02:44] "GET /img/packages-2.jpg HTTP/1.1" 404 -
::1 - - [18/Sep/2026 09:02:44] "GET /img/packages-4.jpg HTTP/1.1" 404 -
::1 - - [18/Sep/2026 09:02:44] code 404, message File not found
::1 - - [18/Sep/2026 09:02:44] "GET /img/gallery-1.jpg HTTP/1.1" 404 -
::1 - - [18/Sep/2026 09:02:44] code 404, message File not found
::1 - - [18/Sep/2026 09:02:44] "GET /img/gallery-2.jpg HTTP/1.1" 404 -
::1 - - [18/Sep/2026 09:02:44] code 404, message File not found
::1 - - [18/Sep/2026 09:02:44] "GET /img/gallery-3.jpg HTTP/1.1" 404 -
::1 - - [18/Sep/2026 09:02:44] code 404, message File not found
::1 - - [18/Sep/2026 09:02:44] code 404, message File not found
::1 - - [18/Sep/2026 09:02:44] "GET /img/gallery-5.jpg HTTP/1.1" 404 -
::1 - - [18/Sep/2026 09:02:44] "GET /img/gallery-4.jpg HTTP/1.1" 404 -
::1 - - [18/Sep/2026 09:02:44] code 404, message File not found
::1 - - [18/Sep/2026 09:02:44] "GET /img/gallery-6.jpg HTTP/1.1" 404 -
::1 - - [18/Sep/2026 09:02:44] code 404, message File not found
::1 - - [18/Sep/2026 09:02:44] "GET /img/gallery-7.jpg HTTP/1.1" 404 -
::1 - - [18/Sep/2026 09:02:44] code 404, message File not found
::1 - - [18/Sep/2026 09:02:44] "GET /img/gallery-8.jpg HTTP/1.1" 404 -
::1 - - [18/Sep/2026 09:02:44] code 404, message File not found
::1 - - [18/Sep/2026 09:02:44] "GET /img/gallery-9.jpg HTTP/1.1" 404 -
::1 - - [18/Sep/2026 09:02:44] code 404, message File not found
::1 - - [18/Sep/2026 09:02:44] code 404, message File not found
::1 - - [18/Sep/2026 09:02:44] code 404, message File not found
::1 - - [18/Sep/2026 09:02:44] code 404, message File not found
::1 - - [18/Sep/2026 09:02:44] "GET /img/gallery-10.jpg HTTP/1.1" 404 -
::1 - - [18/Sep/2026 09:02:44] "GET /img/guide-3.jpg HTTP/1.1" 404 -
::1 - - [18/Sep/2026 09:02:44] code 404, message File not found
::1 - - [18/Sep/2026 09:02:44] "GET /img/guide-1.jpg HTTP/1.1" 404 -
::1 - - [18/Sep/2026 09:02:44] "GET /img/guide-2.jpg HTTP/1.1" 404 -
::1 - - [18/Sep/2026 09:02:44] "GET /img/guide-4.jpg HTTP/1.1" 404 -
::1 - - [18/Sep/2026 09:02:44] code 404, message File not found
::1 - - [18/Sep/2026 09:02:44] "GET /img/blog-1.jpg HTTP/1.1" 404 -
::1 - - [18/Sep/2026 09:02:44] code 404, message File not found
::1 - - [18/Sep/2026 09:02:44] code 404, message File not found
::1 - - [18/Sep/2026 09:02:44] code 404, message File not found
::1 - - [18/Sep/2026 09:02:44] "GET /img/blog-2.jpg HTTP/1.1" 404 -
::1 - - [18/Sep/2026 09:02:44] "GET /img/blog-3.jpg HTTP/1.1" 404 -
::1 - - [18/Sep/2026 09:02:44] "GET /img/testimonial-1.jpg HTTP/1.1" 404 -
::1 - - [18/Sep/2026 09:02:44] code 404, message File not found
::1 - - [18/Sep/2026 09:02:44] code 404, message File not found
::1 - - [18/Sep/2026 09:02:44] code 404, message File not found
::1 - - [18/Sep/2026 09:02:44] "GET /img/testimonial-2.jpg HTTP/1.1" 404 -
::1 - - [18/Sep/2026 09:02:44] "GET /img/testimonial-3.jpg HTTP/1.1" 404 -
::1 - - [18/Sep/2026 09:02:44] "GET /img/testimonial-4.jpg HTTP/1.1" 404 -
::1 - - [18/Sep/2026 09:02:45] code 404, message File not found
::1 - - [18/Sep/2026 09:02:45] "GET /img/about-img-1.png HTTP/1.1" 404 -
::1 - - [18/Sep/2026 09:03:34] "GET / HTTP/1.1" 304 -
::1 - - [18/Sep/2026 09:03:34] code 404, message File not found
::1 - - [18/Sep/2026 09:03:34] "GET /lib/owlcarousel/assets/owl.carousel.min.css HTTP/1.1" 404 -
::1 - - [18/Sep/2026 09:03:34] code 404, message File not found
::1 - - [18/Sep/2026 09:03:34] "GET /lib/lightbox/css/lightbox.min.css HTTP/1.1" 404 -
::1 - - [18/Sep/2026 09:03:34] code 404, message File not found
::1 - - [18/Sep/2026 09:03:34] "GET /css/bootstrap.min.css HTTP/1.1" 404 -
::1 - - [18/Sep/2026 09:03:34] code 404, message File not found
::1 - - [18/Sep/2026 09:03:34] "GET /css/style.css HTTP/1.1" 404 -
::1 - - [18/Sep/2026 09:03:34] code 404, message File not found
::1 - - [18/Sep/2026 09:03:34] "GET /img/carousel-2.jpg HTTP/1.1" 404 -
::1 - - [18/Sep/2026 09:03:34] code 404, message File not found
::1 - - [18/Sep/2026 09:03:34] "GET /img/carousel-1.jpg HTTP/1.1" 404 -
::1 - - [18/Sep/2026 09:03:34] code 404, message File not found
::1 - - [18/Sep/2026 09:03:34] "GET /img/carousel-3.jpg HTTP/1.1" 404 -
::1 - - [18/Sep/2026 09:03:34] code 404, message File not found
::1 - - [18/Sep/2026 09:03:34] "GET /img/about-img.jpg HTTP/1.1" 404 -
::1 - - [18/Sep/2026 09:03:34] code 404, message File not found
::1 - - [18/Sep/2026 09:03:34] "GET /img/destination-1.jpg HTTP/1.1" 404 -
::1 - - [18/Sep/2026 09:03:34] code 404, message File not found
::1 - - [18/Sep/2026 09:03:34] "GET /lib/easing/easing.min.js HTTP/1.1" 404 -
::1 - - [18/Sep/2026 09:03:34] code 404, message File not found
::1 - - [18/Sep/2026 09:03:34] "GET /lib/waypoints/waypoints.min.js HTTP/1.1" 404 -
::1 - - [18/Sep/2026 09:03:34] code 404, message File not found
::1 - - [18/Sep/2026 09:03:34] "GET /lib/owlcarousel/owl.carousel.min.js HTTP/1.1" 404 -
::1 - - [18/Sep/2026 09:03:34] code 404, message File not found
::1 - - [18/Sep/2026 09:03:34] "GET /lib/lightbox/js/lightbox.min.js HTTP/1.1" 404 -
::1 - - [18/Sep/2026 09:03:34] code 404, message File not found
::1 - - [18/Sep/2026 09:03:34] "GET /js/main.js HTTP/1.1" 404 -
::1 - - [18/Sep/2026 09:03:34] code 404, message File not found
::1 - - [18/Sep/2026 09:03:34] "GET /img/destination-2.jpg HTTP/1.1" 404 -
::1 - - [18/Sep/2026 09:03:34] code 404, message File not found
::1 - - [18/Sep/2026 09:03:34] "GET /img/destination-7.jpg HTTP/1.1" 404 -
::1 - - [18/Sep/2026 09:03:34] code 404, message File not found
::1 - - [18/Sep/2026 09:03:34] "GET /img/destination-8.jpg HTTP/1.1" 404 -
::1 - - [18/Sep/2026 09:03:34] code 404, message File not found
::1 - - [18/Sep/2026 09:03:34] "GET /img/destination-9.jpg HTTP/1.1" 404 -
::1 - - [18/Sep/2026 09:03:34] code 404, message File not found
::1 - - [18/Sep/2026 09:03:34] "GET /img/destination-4.jpg HTTP/1.1" 404 -
::1 - - [18/Sep/2026 09:03:34] code 404, message File not found
::1 - - [18/Sep/2026 09:03:34] "GET /img/destination-5.jpg HTTP/1.1" 404 -
::1 - - [18/Sep/2026 09:03:34] code 404, message File not found
::1 - - [18/Sep/2026 09:03:34] "GET /img/destination-6.jpg HTTP/1.1" 404 -
::1 - - [18/Sep/2026 09:03:34] code 404, message File not found
::1 - - [18/Sep/2026 09:03:34] "GET /img/explore-tour-1.jpg HTTP/1.1" 404 -
::1 - - [18/Sep/2026 09:03:34] code 404, message File not found
::1 - - [18/Sep/2026 09:03:34] "GET /img/explore-tour-2.jpg HTTP/1.1" 404 -
::1 - - [18/Sep/2026 09:03:34] code 404, message File not found
::1 - - [18/Sep/2026 09:03:34] code 404, message File not found
::1 - - [18/Sep/2026 09:03:34] "GET /img/explore-tour-3.jpg HTTP/1.1" 404 -
::1 - - [18/Sep/2026 09:03:34] "GET /img/explore-tour-4.jpg HTTP/1.1" 404 -
::1 - - [18/Sep/2026 09:03:34] code 404, message File not found
::1 - - [18/Sep/2026 09:03:34] "GET /img/explore-tour-5.jpg HTTP/1.1" 404 -
::1 - - [18/Sep/2026 09:03:34] code 404, message File not found
::1 - - [18/Sep/2026 09:03:34] "GET /img/explore-tour-6.jpg HTTP/1.1" 404 -
::1 - - [18/Sep/2026 09:03:34] code 404, message File not found
::1 - - [18/Sep/2026 09:03:34] "GET /img/packages-4.jpg HTTP/1.1" 404 -
::1 - - [18/Sep/2026 09:03:34] code 404, message File not found
::1 - - [18/Sep/2026 09:03:34] code 404, message File not found
::1 - - [18/Sep/2026 09:03:34] "GET /img/packages-2.jpg HTTP/1.1" 404 -
::1 - - [18/Sep/2026 09:03:34] "GET /img/packages-3.jpg HTTP/1.1" 404 -
::1 - - [18/Sep/2026 09:03:34] code 404, message File not found
::1 - - [18/Sep/2026 09:03:34] "GET /img/packages-1.jpg HTTP/1.1" 404 -
::1 - - [18/Sep/2026 09:03:34] code 404, message File not found
::1 - - [18/Sep/2026 09:03:34] "GET /img/gallery-1.jpg HTTP/1.1" 404 -
::1 - - [18/Sep/2026 09:03:34] code 404, message File not found
::1 - - [18/Sep/2026 09:03:34] "GET /img/gallery-2.jpg HTTP/1.1" 404 -
::1 - - [18/Sep/2026 09:03:34] code 404, message File not found
::1 - - [18/Sep/2026 09:03:34] "GET /img/gallery-3.jpg HTTP/1.1" 404 -
::1 - - [18/Sep/2026 09:03:34] code 404, message File not found
::1 - - [18/Sep/2026 09:03:34] code 404, message File not found
::1 - - [18/Sep/2026 09:03:34] code 404, message File not found
::1 - - [18/Sep/2026 09:03:34] "GET /img/gallery-5.jpg HTTP/1.1" 404 -
::1 - - [18/Sep/2026 09:03:34] "GET /img/gallery-6.jpg HTTP/1.1" 404 -
::1 - - [18/Sep/2026 09:03:34] "GET /img/gallery-4.jpg HTTP/1.1" 404 -
::1 - - [18/Sep/2026 09:03:34] code 404, message File not found
::1 - - [18/Sep/2026 09:03:34] "GET /img/gallery-7.jpg HTTP/1.1" 404 -
::1 - - [18/Sep/2026 09:03:34] code 404, message File not found
::1 - - [18/Sep/2026 09:03:34] code 404, message File not found
::1 - - [18/Sep/2026 09:03:34] "GET /img/gallery-8.jpg HTTP/1.1" 404 -
::1 - - [18/Sep/2026 09:03:34] "GET /img/gallery-9.jpg HTTP/1.1" 404 -
::1 - - [18/Sep/2026 09:03:34] code 404, message File not found
::1 - - [18/Sep/2026 09:03:34] "GET /img/gallery-10.jpg HTTP/1.1" 404 -
::1 - - [18/Sep/2026 09:03:34] code 404, message File not found
::1 - - [18/Sep/2026 09:03:34] "GET /img/guide-1.jpg HTTP/1.1" 404 -
::1 - - [18/Sep/2026 09:03:34] code 404, message File not found
::1 - - [18/Sep/2026 09:03:34] "GET /img/guide-2.jpg HTTP/1.1" 404 -
::1 - - [18/Sep/2026 09:03:34] code 404, message File not found
::1 - - [18/Sep/2026 09:03:34] "GET /img/guide-3.jpg HTTP/1.1" 404 -
::1 - - [18/Sep/2026 09:03:34] code 404, message File not found
::1 - - [18/Sep/2026 09:03:34] code 404, message File not found
::1 - - [18/Sep/2026 09:03:34] "GET /img/guide-4.jpg HTTP/1.1" 404 -
::1 - - [18/Sep/2026 09:03:34] "GET /img/blog-1.jpg HTTP/1.1" 404 -
::1 - - [18/Sep/2026 09:03:34] code 404, message File not found
::1 - - [18/Sep/2026 09:03:34] "GET /img/blog-2.jpg HTTP/1.1" 404 -
::1 - - [18/Sep/2026 09:03:34] code 404, message File not found
::1 - - [18/Sep/2026 09:03:34] "GET /img/blog-3.jpg HTTP/1.1" 404 -
::1 - - [18/Sep/2026 09:03:34] code 404, message File not found
::1 - - [18/Sep/2026 09:03:34] "GET /img/testimonial-1.jpg HTTP/1.1" 404 -
::1 - - [18/Sep/2026 09:03:34] code 404, message File not found
::1 - - [18/Sep/2026 09:03:34] "GET /img/testimonial-2.jpg HTTP/1.1" 404 -
::1 - - [18/Sep/2026 09:03:34] code 404, message File not found
::1 - - [18/Sep/2026 09:03:34] code 404, message File not found
::1 - - [18/Sep/2026 09:03:34] "GET /img/testimonial-4.jpg HTTP/1.1" 404 -
::1 - - [18/Sep/2026 09:03:34] "GET /img/testimonial-3.jpg HTTP/1.1" 404 -
::1 - - [18/Sep/2026 09:03:34] code 404, message File not found
::1 - - [18/Sep/2026 09:03:34] "GET /img/about-img-1.png HTTP/1.1" 404 -
::1 - - [18/Sep/2026 09:03:37] "GET / HTTP/1.1" 304 -
::1 - - [18/Sep/2026 09:03:37] code 404, message File not found
::1 - - [18/Sep/2026 09:03:37] "GET /lib/owlcarousel/assets/owl.carousel.min.css HTTP/1.1" 404 -
::1 - - [18/Sep/2026 09:03:37] code 404, message File not found
::1 - - [18/Sep/2026 09:03:37] "GET /css/bootstrap.min.css HTTP/1.1" 404 -
::1 - - [18/Sep/2026 09:03:37] code 404, message File not found
::1 - - [18/Sep/2026 09:03:37] "GET /lib/lightbox/css/lightbox.min.css HTTP/1.1" 404 -
::1 - - [18/Sep/2026 09:03:37] code 404, message File not found
::1 - - [18/Sep/2026 09:03:37] code 404, message File not found
::1 - - [18/Sep/2026 09:03:37] "GET /css/style.css HTTP/1.1" 404 -
::1 - - [18/Sep/2026 09:03:37] "GET /img/carousel-2.jpg HTTP/1.1" 404 -
::1 - - [18/Sep/2026 09:03:37] code 404, message File not found
::1 - - [18/Sep/2026 09:03:37] "GET /img/carousel-1.jpg HTTP/1.1" 404 -
::1 - - [18/Sep/2026 09:03:37] code 404, message File not found
::1 - - [18/Sep/2026 09:03:37] "GET /img/carousel-3.jpg HTTP/1.1" 404 -
::1 - - [18/Sep/2026 09:03:37] code 404, message File not found
::1 - - [18/Sep/2026 09:03:37] code 404, message File not found
::1 - - [18/Sep/2026 09:03:37] "GET /img/about-img.jpg HTTP/1.1" 404 -
::1 - - [18/Sep/2026 09:03:37] "GET /img/destination-1.jpg HTTP/1.1" 404 -
::1 - - [18/Sep/2026 09:03:37] code 404, message File not found
::1 - - [18/Sep/2026 09:03:37] "GET /lib/easing/easing.min.js HTTP/1.1" 404 -
::1 - - [18/Sep/2026 09:03:37] code 404, message File not found
::1 - - [18/Sep/2026 09:03:37] "GET /lib/waypoints/waypoints.min.js HTTP/1.1" 404 -
::1 - - [18/Sep/2026 09:03:37] code 404, message File not found
::1 - - [18/Sep/2026 09:03:37] "GET /lib/owlcarousel/owl.carousel.min.js HTTP/1.1" 404 -
::1 - - [18/Sep/2026 09:03:37] code 404, message File not found
::1 - - [18/Sep/2026 09:03:37] "GET /lib/lightbox/js/lightbox.min.js HTTP/1.1" 404 -
::1 - - [18/Sep/2026 09:03:37] code 404, message File not found
::1 - - [18/Sep/2026 09:03:37] "GET /js/main.js HTTP/1.1" 404 -
::1 - - [18/Sep/2026 09:03:37] code 404, message File not found
::1 - - [18/Sep/2026 09:03:37] "GET /img/destination-2.jpg HTTP/1.1" 404 -
::1 - - [18/Sep/2026 09:03:37] code 404, message File not found
::1 - - [18/Sep/2026 09:03:37] "GET /img/destination-7.jpg HTTP/1.1" 404 -
::1 - - [18/Sep/2026 09:03:37] code 404, message File not found
::1 - - [18/Sep/2026 09:03:37] "GET /img/destination-8.jpg HTTP/1.1" 404 -
::1 - - [18/Sep/2026 09:03:37] code 404, message File not found
::1 - - [18/Sep/2026 09:03:37] "GET /img/destination-9.jpg HTTP/1.1" 404 -
::1 - - [18/Sep/2026 09:03:37] code 404, message File not found
::1 - - [18/Sep/2026 09:03:37] "GET /img/destination-5.jpg HTTP/1.1" 404 -
::1 - - [18/Sep/2026 09:03:37] code 404, message File not found
::1 - - [18/Sep/2026 09:03:37] code 404, message File not found
::1 - - [18/Sep/2026 09:03:37] "GET /img/destination-6.jpg HTTP/1.1" 404 -
::1 - - [18/Sep/2026 09:03:37] "GET /img/destination-4.jpg HTTP/1.1" 404 -
::1 - - [18/Sep/2026 09:03:37] code 404, message File not found
::1 - - [18/Sep/2026 09:03:37] "GET /img/explore-tour-1.jpg HTTP/1.1" 404 -
::1 - - [18/Sep/2026 09:03:37] code 404, message File not found
::1 - - [18/Sep/2026 09:03:37] "GET /img/explore-tour-2.jpg HTTP/1.1" 404 -
::1 - - [18/Sep/2026 09:03:37] code 404, message File not found
::1 - - [18/Sep/2026 09:03:37] "GET /img/explore-tour-3.jpg HTTP/1.1" 404 -
::1 - - [18/Sep/2026 09:03:37] code 404, message File not found
::1 - - [18/Sep/2026 09:03:37] code 404, message File not found
::1 - - [18/Sep/2026 09:03:37] "GET /img/explore-tour-4.jpg HTTP/1.1" 404 -
::1 - - [18/Sep/2026 09:03:37] code 404, message File not found
::1 - - [18/Sep/2026 09:03:37] "GET /img/explore-tour-5.jpg HTTP/1.1" 404 -
::1 - - [18/Sep/2026 09:03:37] "GET /img/explore-tour-6.jpg HTTP/1.1" 404 -
::1 - - [18/Sep/2026 09:03:37] code 404, message File not found
::1 - - [18/Sep/2026 09:03:37] "GET /img/packages-4.jpg HTTP/1.1" 404 -
::1 - - [18/Sep/2026 09:03:37] code 404, message File not found
::1 - - [18/Sep/2026 09:03:37] "GET /img/packages-2.jpg HTTP/1.1" 404 -
::1 - - [18/Sep/2026 09:03:37] code 404, message File not found
::1 - - [18/Sep/2026 09:03:37] "GET /img/packages-3.jpg HTTP/1.1" 404 -
::1 - - [18/Sep/2026 09:03:37] code 404, message File not found
::1 - - [18/Sep/2026 09:03:37] "GET /img/packages-1.jpg HTTP/1.1" 404 -
::1 - - [18/Sep/2026 09:03:37] code 404, message File not found
::1 - - [18/Sep/2026 09:03:37] code 404, message File not found
::1 - - [18/Sep/2026 09:03:37] "GET /img/gallery-1.jpg HTTP/1.1" 404 -
::1 - - [18/Sep/2026 09:03:37] "GET /img/gallery-2.jpg HTTP/1.1" 404 -
::1 - - [18/Sep/2026 09:03:37] code 404, message File not found
::1 - - [18/Sep/2026 09:03:37] "GET /img/gallery-3.jpg HTTP/1.1" 404 -
::1 - - [18/Sep/2026 09:03:37] code 404, message File not found
::1 - - [18/Sep/2026 09:03:37] "GET /img/gallery-4.jpg HTTP/1.1" 404 -
::1 - - [18/Sep/2026 09:03:37] code 404, message File not found
::1 - - [18/Sep/2026 09:03:37] code 404, message File not found
::1 - - [18/Sep/2026 09:03:37] "GET /img/gallery-5.jpg HTTP/1.1" 404 -
::1 - - [18/Sep/2026 09:03:37] "GET /img/gallery-6.jpg HTTP/1.1" 404 -
::1 - - [18/Sep/2026 09:03:37] code 404, message File not found
::1 - - [18/Sep/2026 09:03:37] "GET /img/gallery-7.jpg HTTP/1.1" 404 -
::1 - - [18/Sep/2026 09:03:37] code 404, message File not found
::1 - - [18/Sep/2026 09:03:37] "GET /img/gallery-8.jpg HTTP/1.1" 404 -
::1 - - [18/Sep/2026 09:03:37] code 404, message File not found
::1 - - [18/Sep/2026 09:03:37] "GET /img/gallery-9.jpg HTTP/1.1" 404 -
::1 - - [18/Sep/2026 09:03:37] code 404, message File not found
::1 - - [18/Sep/2026 09:03:37] "GET /img/gallery-10.jpg HTTP/1.1" 404 -
::1 - - [18/Sep/2026 09:03:37] code 404, message File not found
::1 - - [18/Sep/2026 09:03:37] code 404, message File not found
::1 - - [18/Sep/2026 09:03:37] "GET /img/guide-1.jpg HTTP/1.1" 404 -
::1 - - [18/Sep/2026 09:03:37] "GET /img/guide-2.jpg HTTP/1.1" 404 -
::1 - - [18/Sep/2026 09:03:37] code 404, message File not found
::1 - - [18/Sep/2026 09:03:37] "GET /img/guide-3.jpg HTTP/1.1" 404 -
::1 - - [18/Sep/2026 09:03:37] code 404, message File not found
::1 - - [18/Sep/2026 09:03:37] "GET /img/guide-4.jpg HTTP/1.1" 404 -
::1 - - [18/Sep/2026 09:03:37] code 404, message File not found
::1 - - [18/Sep/2026 09:03:37] "GET /img/blog-1.jpg HTTP/1.1" 404 -
::1 - - [18/Sep/2026 09:03:37] code 404, message File not found
::1 - - [18/Sep/2026 09:03:37] "GET /img/blog-2.jpg HTTP/1.1" 404 -
::1 - - [18/Sep/2026 09:03:37] code 404, message File not found
::1 - - [18/Sep/2026 09:03:37] code 404, message File not found
::1 - - [18/Sep/2026 09:03:37] "GET /img/blog-3.jpg HTTP/1.1" 404 -
::1 - - [18/Sep/2026 09:03:37] "GET /img/testimonial-1.jpg HTTP/1.1" 404 -
::1 - - [18/Sep/2026 09:03:37] code 404, message File not found
::1 - - [18/Sep/2026 09:03:37] code 404, message File not found
::1 - - [18/Sep/2026 09:03:37] "GET /img/testimonial-2.jpg HTTP/1.1" 404 -
::1 - - [18/Sep/2026 09:03:37] "GET /img/testimonial-4.jpg HTTP/1.1" 404 -
::1 - - [18/Sep/2026 09:03:37] code 404, message File not found
::1 - - [18/Sep/2026 09:03:37] "GET /img/testimonial-3.jpg HTTP/1.1" 404 -
::1 - - [18/Sep/2026 09:03:37] code 404, message File not found
::1 - - [18/Sep/2026 09:03:37] "GET /img/about-img-1.png HTTP/1.1" 404 -
::1 - - [18/Sep/2026 09:03:38] "GET / HTTP/1.1" 304 -
::1 - - [18/Sep/2026 09:03:38] code 404, message File not found
::1 - - [18/Sep/2026 09:03:38] "GET /lib/owlcarousel/assets/owl.carousel.min.css HTTP/1.1" 404 -
::1 - - [18/Sep/2026 09:03:38] code 404, message File not found
::1 - - [18/Sep/2026 09:03:38] "GET /lib/lightbox/css/lightbox.min.css HTTP/1.1" 404 -
::1 - - [18/Sep/2026 09:03:38] code 404, message File not found
::1 - - [18/Sep/2026 09:03:38] code 404, message File not found
::1 - - [18/Sep/2026 09:03:38] "GET /css/bootstrap.min.css HTTP/1.1" 404 -
::1 - - [18/Sep/2026 09:03:38] "GET /css/style.css HTTP/1.1" 404 -
::1 - - [18/Sep/2026 09:03:38] code 404, message File not found
::1 - - [18/Sep/2026 09:03:38] "GET /img/carousel-2.jpg HTTP/1.1" 404 -
::1 - - [18/Sep/2026 09:03:38] code 404, message File not found
::1 - - [18/Sep/2026 09:03:38] "GET /img/carousel-1.jpg HTTP/1.1" 404 -
::1 - - [18/Sep/2026 09:03:38] code 404, message File not found
::1 - - [18/Sep/2026 09:03:38] code 404, message File not found
::1 - - [18/Sep/2026 09:03:38] "GET /img/carousel-3.jpg HTTP/1.1" 404 -
::1 - - [18/Sep/2026 09:03:38] "GET /img/about-img.jpg HTTP/1.1" 404 -
::1 - - [18/Sep/2026 09:03:38] code 404, message File not found
::1 - - [18/Sep/2026 09:03:38] "GET /img/destination-1.jpg HTTP/1.1" 404 -
::1 - - [18/Sep/2026 09:03:38] code 404, message File not found
::1 - - [18/Sep/2026 09:03:38] code 404, message File not found
::1 - - [18/Sep/2026 09:03:38] "GET /lib/waypoints/waypoints.min.js HTTP/1.1" 404 -
::1 - - [18/Sep/2026 09:03:38] "GET /lib/easing/easing.min.js HTTP/1.1" 404 -
::1 - - [18/Sep/2026 09:03:38] code 404, message File not found
::1 - - [18/Sep/2026 09:03:38] "GET /lib/owlcarousel/owl.carousel.min.js HTTP/1.1" 404 -
::1 - - [18/Sep/2026 09:03:38] code 404, message File not found
::1 - - [18/Sep/2026 09:03:38] "GET /lib/lightbox/js/lightbox.min.js HTTP/1.1" 404 -
::1 - - [18/Sep/2026 09:03:38] code 404, message File not found
::1 - - [18/Sep/2026 09:03:38] "GET /js/main.js HTTP/1.1" 404 -
::1 - - [18/Sep/2026 09:03:38] code 404, message File not found
::1 - - [18/Sep/2026 09:03:38] "GET /img/destination-7.jpg HTTP/1.1" 404 -
::1 - - [18/Sep/2026 09:03:38] code 404, message File not found
::1 - - [18/Sep/2026 09:03:38] "GET /img/destination-2.jpg HTTP/1.1" 404 -
::1 - - [18/Sep/2026 09:03:38] code 404, message File not found
::1 - - [18/Sep/2026 09:03:38] "GET /img/destination-8.jpg HTTP/1.1" 404 -
::1 - - [18/Sep/2026 09:03:38] code 404, message File not found
::1 - - [18/Sep/2026 09:03:38] "GET /img/destination-9.jpg HTTP/1.1" 404 -
::1 - - [18/Sep/2026 09:03:38] code 404, message File not found
::1 - - [18/Sep/2026 09:03:38] "GET /img/destination-4.jpg HTTP/1.1" 404 -
::1 - - [18/Sep/2026 09:03:38] code 404, message File not found
::1 - - [18/Sep/2026 09:03:38] "GET /img/destination-6.jpg HTTP/1.1" 404 -
::1 - - [18/Sep/2026 09:03:38] code 404, message File not found
::1 - - [18/Sep/2026 09:03:38] code 404, message File not found
::1 - - [18/Sep/2026 09:03:38] "GET /img/destination-5.jpg HTTP/1.1" 404 -
::1 - - [18/Sep/2026 09:03:38] "GET /img/explore-tour-1.jpg HTTP/1.1" 404 -
::1 - - [18/Sep/2026 09:03:38] code 404, message File not found
::1 - - [18/Sep/2026 09:03:38] code 404, message File not found
::1 - - [18/Sep/2026 09:03:38] "GET /img/explore-tour-2.jpg HTTP/1.1" 404 -
::1 - - [18/Sep/2026 09:03:38] "GET /img/explore-tour-3.jpg HTTP/1.1" 404 -
::1 - - [18/Sep/2026 09:03:38] code 404, message File not found
::1 - - [18/Sep/2026 09:03:38] "GET /img/explore-tour-4.jpg HTTP/1.1" 404 -
::1 - - [18/Sep/2026 09:03:38] code 404, message File not found
::1 - - [18/Sep/2026 09:03:38] "GET /img/explore-tour-5.jpg HTTP/1.1" 404 -
::1 - - [18/Sep/2026 09:03:38] code 404, message File not found
::1 - - [18/Sep/2026 09:03:38] code 404, message File not found
::1 - - [18/Sep/2026 09:03:38] "GET /img/explore-tour-6.jpg HTTP/1.1" 404 -
::1 - - [18/Sep/2026 09:03:38] "GET /img/packages-4.jpg HTTP/1.1" 404 -
::1 - - [18/Sep/2026 09:03:38] code 404, message File not found
::1 - - [18/Sep/2026 09:03:38] code 404, message File not found
::1 - - [18/Sep/2026 09:03:38] "GET /img/packages-2.jpg HTTP/1.1" 404 -
::1 - - [18/Sep/2026 09:03:38] "GET /img/packages-3.jpg HTTP/1.1" 404 -
::1 - - [18/Sep/2026 09:03:38] code 404, message File not found
::1 - - [18/Sep/2026 09:03:38] "GET /img/packages-1.jpg HTTP/1.1" 404 -
::1 - - [18/Sep/2026 09:03:38] code 404, message File not found
::1 - - [18/Sep/2026 09:03:38] "GET /img/gallery-1.jpg HTTP/1.1" 404 -
::1 - - [18/Sep/2026 09:03:38] code 404, message File not found
::1 - - [18/Sep/2026 09:03:38] code 404, message File not found
::1 - - [18/Sep/2026 09:03:38] "GET /img/gallery-2.jpg HTTP/1.1" 404 -
::1 - - [18/Sep/2026 09:03:38] "GET /img/gallery-3.jpg HTTP/1.1" 404 -
::1 - - [18/Sep/2026 09:03:38] code 404, message File not found
::1 - - [18/Sep/2026 09:03:38] code 404, message File not found
::1 - - [18/Sep/2026 09:03:38] "GET /img/gallery-4.jpg HTTP/1.1" 404 -
::1 - - [18/Sep/2026 09:03:38] "GET /img/gallery-5.jpg HTTP/1.1" 404 -
::1 - - [18/Sep/2026 09:03:38] code 404, message File not found
::1 - - [18/Sep/2026 09:03:38] code 404, message File not found
::1 - - [18/Sep/2026 09:03:38] "GET /img/gallery-6.jpg HTTP/1.1" 404 -
::1 - - [18/Sep/2026 09:03:38] "GET /img/gallery-7.jpg HTTP/1.1" 404 -
::1 - - [18/Sep/2026 09:03:38] code 404, message File not found
::1 - - [18/Sep/2026 09:03:38] code 404, message File not found
::1 - - [18/Sep/2026 09:03:38] "GET /img/gallery-8.jpg HTTP/1.1" 404 -
::1 - - [18/Sep/2026 09:03:38] "GET /img/gallery-9.jpg HTTP/1.1" 404 -
::1 - - [18/Sep/2026 09:03:38] code 404, message File not found
::1 - - [18/Sep/2026 09:03:38] code 404, message File not found
::1 - - [18/Sep/2026 09:03:38] "GET /img/guide-1.jpg HTTP/1.1" 404 -
::1 - - [18/Sep/2026 09:03:38] "GET /img/gallery-10.jpg HTTP/1.1" 404 -
::1 - - [18/Sep/2026 09:03:38] code 404, message File not found
::1 - - [18/Sep/2026 09:03:38] "GET /img/guide-2.jpg HTTP/1.1" 404 -
::1 - - [18/Sep/2026 09:03:38] code 404, message File not found
::1 - - [18/Sep/2026 09:03:38] "GET /img/guide-3.jpg HTTP/1.1" 404 -
::1 - - [18/Sep/2026 09:03:38] code 404, message File not found
::1 - - [18/Sep/2026 09:03:38] "GET /img/guide-4.jpg HTTP/1.1" 404 -
::1 - - [18/Sep/2026 09:03:38] code 404, message File not found
::1 - - [18/Sep/2026 09:03:38] "GET /img/blog-1.jpg HTTP/1.1" 404 -
::1 - - [18/Sep/2026 09:03:38] code 404, message File not found
::1 - - [18/Sep/2026 09:03:38] code 404, message File not found
::1 - - [18/Sep/2026 09:03:38] "GET /img/blog-2.jpg HTTP/1.1" 404 -
::1 - - [18/Sep/2026 09:03:38] "GET /img/blog-3.jpg HTTP/1.1" 404 -
::1 - - [18/Sep/2026 09:03:38] code 404, message File not found
::1 - - [18/Sep/2026 09:03:38] code 404, message File not found
::1 - - [18/Sep/2026 09:03:38] "GET /img/testimonial-1.jpg HTTP/1.1" 404 -
::1 - - [18/Sep/2026 09:03:38] "GET /img/testimonial-2.jpg HTTP/1.1" 404 -
::1 - - [18/Sep/2026 09:03:38] code 404, message File not found
::1 - - [18/Sep/2026 09:03:38] code 404, message File not found
::1 - - [18/Sep/2026 09:03:38] "GET /img/testimonial-3.jpg HTTP/1.1" 404 -
::1 - - [18/Sep/2026 09:03:38] "GET /img/testimonial-4.jpg HTTP/1.1" 404 -
::1 - - [18/Sep/2026 09:03:38] code 404, message File not found
::1 - - [18/Sep/2026 09:03:38] "GET /img/about-img-1.png HTTP/1.1" 404 -
::1 - - [18/Sep/2026 09:03:38] "GET / HTTP/1.1" 304 -
::1 - - [18/Sep/2026 09:03:38] code 404, message File not found
::1 - - [18/Sep/2026 09:03:38] code 404, message File not found
::1 - - [18/Sep/2026 09:03:38] "GET /lib/owlcarousel/assets/owl.carousel.min.css HTTP/1.1" 404 -
::1 - - [18/Sep/2026 09:03:38] code 404, message File not found
::1 - - [18/Sep/2026 09:03:38] code 404, message File not found
::1 - - [18/Sep/2026 09:03:38] code 404, message File not found
::1 - - [18/Sep/2026 09:03:38] "GET /img/carousel-2.jpg HTTP/1.1" 404 -
::1 - - [18/Sep/2026 09:03:38] "GET /img/carousel-1.jpg HTTP/1.1" 404 -
::1 - - [18/Sep/2026 09:03:38] code 404, message File not found
::1 - - [18/Sep/2026 09:03:38] "GET /css/style.css HTTP/1.1" 404 -
::1 - - [18/Sep/2026 09:03:38] "GET /lib/lightbox/css/lightbox.min.css HTTP/1.1" 404 -
::1 - - [18/Sep/2026 09:03:38] "GET /css/bootstrap.min.css HTTP/1.1" 404 -
::1 - - [18/Sep/2026 09:03:38] code 404, message File not found
::1 - - [18/Sep/2026 09:03:38] "GET /img/carousel-3.jpg HTTP/1.1" 404 -
::1 - - [18/Sep/2026 09:03:38] code 404, message File not found
::1 - - [18/Sep/2026 09:03:38] code 404, message File not found
::1 - - [18/Sep/2026 09:03:38] code 404, message File not found
::1 - - [18/Sep/2026 09:03:38] "GET /img/about-img.jpg HTTP/1.1" 404 -
::1 - - [18/Sep/2026 09:03:38] "GET /img/destination-1.jpg HTTP/1.1" 404 -
::1 - - [18/Sep/2026 09:03:38] code 404, message File not found
::1 - - [18/Sep/2026 09:03:38] "GET /lib/easing/easing.min.js HTTP/1.1" 404 -
::1 - - [18/Sep/2026 09:03:38] "GET /lib/waypoints/waypoints.min.js HTTP/1.1" 404 -
::1 - - [18/Sep/2026 09:03:38] code 404, message File not found
::1 - - [18/Sep/2026 09:03:38] "GET /lib/owlcarousel/owl.carousel.min.js HTTP/1.1" 404 -
::1 - - [18/Sep/2026 09:03:38] code 404, message File not found
::1 - - [18/Sep/2026 09:03:38] "GET /lib/lightbox/js/lightbox.min.js HTTP/1.1" 404 -
::1 - - [18/Sep/2026 09:03:38] code 404, message File not found
::1 - - [18/Sep/2026 09:03:38] code 404, message File not found
::1 - - [18/Sep/2026 09:03:38] "GET /js/main.js HTTP/1.1" 404 -
::1 - - [18/Sep/2026 09:03:38] "GET /img/destination-2.jpg HTTP/1.1" 404 -
::1 - - [18/Sep/2026 09:03:38] code 404, message File not found
::1 - - [18/Sep/2026 09:03:38] "GET /img/destination-7.jpg HTTP/1.1" 404 -
::1 - - [18/Sep/2026 09:03:38] code 404, message File not found
::1 - - [18/Sep/2026 09:03:38] "GET /img/destination-8.jpg HTTP/1.1" 404 -
::1 - - [18/Sep/2026 09:03:38] code 404, message File not found
::1 - - [18/Sep/2026 09:03:38] "GET /img/destination-9.jpg HTTP/1.1" 404 -
::1 - - [18/Sep/2026 09:03:38] code 404, message File not found
::1 - - [18/Sep/2026 09:03:38] "GET /img/destination-4.jpg HTTP/1.1" 404 -
::1 - - [18/Sep/2026 09:03:38] code 404, message File not found
::1 - - [18/Sep/2026 09:03:38] "GET /img/destination-5.jpg HTTP/1.1" 404 -
::1 - - [18/Sep/2026 09:03:38] code 404, message File not found
::1 - - [18/Sep/2026 09:03:38] "GET /img/destination-6.jpg HTTP/1.1" 404 -
::1 - - [18/Sep/2026 09:03:38] code 404, message File not found
::1 - - [18/Sep/2026 09:03:38] "GET /img/explore-tour-1.jpg HTTP/1.1" 404 -
::1 - - [18/Sep/2026 09:03:38] code 404, message File not found
::1 - - [18/Sep/2026 09:03:38] code 404, message File not found
::1 - - [18/Sep/2026 09:03:38] "GET /img/explore-tour-2.jpg HTTP/1.1" 404 -
::1 - - [18/Sep/2026 09:03:38] "GET /img/explore-tour-3.jpg HTTP/1.1" 404 -
::1 - - [18/Sep/2026 09:03:38] code 404, message File not found
::1 - - [18/Sep/2026 09:03:38] "GET /img/explore-tour-4.jpg HTTP/1.1" 404 -
::1 - - [18/Sep/2026 09:03:38] code 404, message File not found
::1 - - [18/Sep/2026 09:03:38] "GET /img/explore-tour-5.jpg HTTP/1.1" 404 -
::1 - - [18/Sep/2026 09:03:38] code 404, message File not found
::1 - - [18/Sep/2026 09:03:38] "GET /img/explore-tour-6.jpg HTTP/1.1" 404 -
::1 - - [18/Sep/2026 09:03:38] code 404, message File not found
::1 - - [18/Sep/2026 09:03:38] "GET /img/packages-4.jpg HTTP/1.1" 404 -
::1 - - [18/Sep/2026 09:03:38] code 404, message File not found
::1 - - [18/Sep/2026 09:03:38] code 404, message File not found
::1 - - [18/Sep/2026 09:03:38] "GET /img/packages-2.jpg HTTP/1.1" 404 -
::1 - - [18/Sep/2026 09:03:38] "GET /img/packages-3.jpg HTTP/1.1" 404 -
::1 - - [18/Sep/2026 09:03:38] code 404, message File not found
::1 - - [18/Sep/2026 09:03:38] "GET /img/packages-1.jpg HTTP/1.1" 404 -
::1 - - [18/Sep/2026 09:03:38] code 404, message File not found
::1 - - [18/Sep/2026 09:03:38] "GET /img/gallery-1.jpg HTTP/1.1" 404 -
::1 - - [18/Sep/2026 09:03:38] code 404, message File not found
::1 - - [18/Sep/2026 09:03:38] "GET /img/gallery-2.jpg HTTP/1.1" 404 -
::1 - - [18/Sep/2026 09:03:38] code 404, message File not found
::1 - - [18/Sep/2026 09:03:38] "GET /img/gallery-3.jpg HTTP/1.1" 404 -
::1 - - [18/Sep/2026 09:03:38] code 404, message File not found
::1 - - [18/Sep/2026 09:03:38] "GET /img/gallery-4.jpg HTTP/1.1" 404 -
::1 - - [18/Sep/2026 09:03:38] code 404, message File not found
::1 - - [18/Sep/2026 09:03:38] "GET /img/gallery-5.jpg HTTP/1.1" 404 -
::1 - - [18/Sep/2026 09:03:38] code 404, message File not found
::1 - - [18/Sep/2026 09:03:38] "GET /img/gallery-6.jpg HTTP/1.1" 404 -
::1 - - [18/Sep/2026 09:03:38] code 404, message File not found
::1 - - [18/Sep/2026 09:03:38] "GET /img/gallery-7.jpg HTTP/1.1" 404 -
::1 - - [18/Sep/2026 09:03:38] code 404, message File not found
::1 - - [18/Sep/2026 09:03:38] code 404, message File not found
::1 - - [18/Sep/2026 09:03:38] "GET /img/gallery-8.jpg HTTP/1.1" 404 -
::1 - - [18/Sep/2026 09:03:38] "GET /img/gallery-9.jpg HTTP/1.1" 404 -
::1 - - [18/Sep/2026 09:03:38] code 404, message File not found
::1 - - [18/Sep/2026 09:03:38] code 404, message File not found
::1 - - [18/Sep/2026 09:03:38] "GET /img/gallery-10.jpg HTTP/1.1" 404 -
::1 - - [18/Sep/2026 09:03:38] "GET /img/guide-1.jpg HTTP/1.1" 404 -
::1 - - [18/Sep/2026 09:03:38] code 404, message File not found
::1 - - [18/Sep/2026 09:03:38] code 404, message File not found
::1 - - [18/Sep/2026 09:03:38] "GET /img/guide-2.jpg HTTP/1.1" 404 -
::1 - - [18/Sep/2026 09:03:38] "GET /img/guide-3.jpg HTTP/1.1" 404 -
::1 - - [18/Sep/2026 09:03:38] code 404, message File not found
::1 - - [18/Sep/2026 09:03:38] "GET /img/blog-1.jpg HTTP/1.1" 404 -
::1 - - [18/Sep/2026 09:03:38] code 404, message File not found
::1 - - [18/Sep/2026 09:03:38] "GET /img/guide-4.jpg HTTP/1.1" 404 -
::1 - - [18/Sep/2026 09:03:38] code 404, message File not found
::1 - - [18/Sep/2026 09:03:38] "GET /img/blog-2.jpg HTTP/1.1" 404 -
::1 - - [18/Sep/2026 09:03:38] code 404, message File not found
::1 - - [18/Sep/2026 09:03:38] "GET /img/blog-3.jpg HTTP/1.1" 404 -
::1 - - [18/Sep/2026 09:03:38] code 404, message File not found
::1 - - [18/Sep/2026 09:03:38] "GET /img/testimonial-1.jpg HTTP/1.1" 404 -
::1 - - [18/Sep/2026 09:03:38] code 404, message File not found
::1 - - [18/Sep/2026 09:03:38] "GET /img/testimonial-2.jpg HTTP/1.1" 404 -
::1 - - [18/Sep/2026 09:03:38] code 404, message File not found
::1 - - [18/Sep/2026 09:03:38] "GET /img/testimonial-3.jpg HTTP/1.1" 404 -
::1 - - [18/Sep/2026 09:03:38] code 404, message File not found
::1 - - [18/Sep/2026 09:03:38] "GET /img/testimonial-4.jpg HTTP/1.1" 404 -
::1 - - [18/Sep/2026 09:03:38] code 404, message File not found
::1 - - [18/Sep/2026 09:03:38] "GET /img/about-img-1.png HTTP/1.1" 404 -
